// Jest Snapshot v1, https://goo.gl/fbAQLP

exports[`Button should render properly 1`] = `
<div
  className=""
>
  <input
    className={undefined}
    name="bar"
    onBlur={[Function]}
    onChange={[Function]}
    onKeyPress={[Function]}
    placeholder="placeholder"
    required={true}
    type="number"
    value="foo"
  />
</div>
`;
